// Vitest Snapshot v1, https://vitest.dev/guide/snapshot.html

exports[`ErrorPage > should match snapshot 1`] = `
<div
  class="flex flex-col items-center pt-25 pb-15 text-base leading-normal bg-white text-black border-t border-primary flex-grow"
>
  <h1
    class="text-xl sm:text-2xl text-center px-3 py-4"
  >
    Извините, страница не найдена
  </h1>
  <div
    class="w-full relative px-5 flex justify-center items-end bg-[url("./../assets/images/error-404.png")] bg-center bg-no-repeat bg-contain bg-origin-content sm:bg-auto mb-10"
  >
    <img
      alt="big sad macaron"
      src="/src/assets/images/error-big-macaron.png"
    />
    <img
      alt="crumb"
      class="translate-x-full -translate-y-1/2 transform origin-center absolute animate-spin"
      src="/src/assets/images/error-crumb.png"
    />
  </div>
  <button
    class="button font-semibold text-[14px] min-w-[234px] border min-w-2xs px-8 py-4 rounded-[3px] cursor-pointer transition-all duration-300 ease-in-out disabled:bg-gray disabled:border-gray disabled:cursor-not-allowed bg-white text-accent border-accent hover:bg-accent-hover hover:text-white"
  >
    Вернуться домой
  </button>
</div>
`;

exports[`Snapshot test of error page > should match the page snapshot 1`] = `
<div
  class="flex flex-col items-center pt-25 pb-15 text-base leading-normal bg-white text-black border-t border-primary flex-grow"
>
  <h1
    class="text-xl sm:text-2xl text-center px-3 py-4"
  >
    Извините, страница не найдена
  </h1>
  <div
    class="w-full relative px-5 flex justify-center items-end bg-[url("./../assets/images/error-404.png")] bg-center bg-no-repeat bg-contain bg-origin-content sm:bg-auto mb-10"
  >
    <img
      alt="big sad macaron"
      src="/src/assets/images/error-big-macaron.png"
    />
    <img
      alt="crumb"
      class="translate-x-full -translate-y-1/2 transform origin-center absolute animate-spin"
      src="/src/assets/images/error-crumb.png"
    />
  </div>
  <button
    class="button font-semibold text-[14px] min-w-[234px] border min-w-2xs px-8 py-4 rounded-[3px] cursor-pointer transition-all duration-300 ease-in-out disabled:bg-gray disabled:border-gray disabled:cursor-not-allowed bg-white text-accent border-accent hover:bg-accent-hover hover:text-white"
  >
    Вернуться домой
  </button>
</div>
`;
